HWI-D00733:75:C8DV0ANXX:2:1309:13584:34088	AGTTATTACTCTGTGTGATGTGATATGCATGTGTGTGTTTATGAGTGCAGATACACATGCTATAGCATGCTTCTG	BBB?ADBFFGEEGBFEGGGGGGCGGGGCEGFGGDGGGGGGCG:CCGGC1EDFFGGGGGGEGGGGE>FGD@G>11D	1	chr17:+:8669684:75
HWI-D00733:75:C8DV0ANXX:1:2216:8203:44067	TTAAATCAGGATATCTCAGCAGGGCCTGGAGCATCCAGAGAGAGTTCCAGAGAACAGGCCCCGCTGCTTCCTCTC	BBB0AFGEGE>FGGGGGGGFCBCCGGGGGGFGGECGGGGGGGGGGGGGGG@DCFGEGBFDGGGFGEGGEGGGGCG	1	chr17:-:45241927:75
HWI-D00733:75:C8DV0ANXX:4:2207:17229:17021	GGACTAATCCCAAGCCCTGGTTTCACACAGCTTGGGTTTGGCTCTCATCTTATTCCTTCATCTAAGGAAATAAAA	<A3<0@FCGGFGGB@BGG>;?=<:FGGGGE>DGGBF9CFGGCFGG>FFDB:EFCG:FCEFDG11EFCDGGEFGGG	0:0:1	chr5:+:73185067:6G13A54
HWI-D00733:75:C8DV0ANXX:1:2106:9326:15570	AGGCATCTGGAGCCTAGAAGACGACACATGTGCTACAAAGGTCATGGCTGGAGAAGTGACCCAAGTCCTTGGAGG	CCCCCGGGGGGGGGGGGGGGGGGGGGGGGGGGGGGGGGGGGGGGGGGGEGGGGGGGGGGGGGGEGGGGGGGGGGG	1	chr15:+:15491381:75
HWI-D00733:75:C8DV0ANXX:4:1305:20839:80302	GAAAACTCTCAATTTTGAATATCTATGCCCCAAATGCAAAGGCAACAACATTTGTAAAAGAAACATTACTAAAGC	BBBBBG>C@1EF@1EFGGGFGDGFFGGGGGBGBGEGDGEDGB0:F0CFGB1BGGGGGEG1BFDFGGGGGGDDFDB	1	chr9:+:12218619:75
HWI-D00733:75:C8DV0ANXX:7:2309:14499:71559	GTAATGATTTCAGTTTTTGTTAAATTCTCCTTTATGTCTTGAATTTTTTTCATTTTAGACAATTGTTTCTTTATG	CCCCCFGGGGGGGGGGGGGGGGGGGGGGGGGGGGGGGGGGGGGGGGGGGGGGGGGGGGGGGGGGGGGGGGGGEGC	1	chr6:+:54800556:75
HWI-D00733:75:C8DV0ANXX:5:2312:9454:34775	GATCATCCCTGACCTCAATCTATACTACAGAGCAATAGTGATAAAACCACATGTCATTGGTAAAGAGACAGACAT	B@BBB1FBGG1@@FGEFFG>B>GGC@GCCG:DB=<<EDG>G@:>:=F/:0EF1:<CFGG1<FFGECB1EGGGGGG	1+0:1	chr10:-:79428055:75
HWI-D00733:75:C8DV0ANXX:7:2111:18356:35619	TTATCTCTTCAAGGGACTGCTATTCTTCCTAGTCTACTAGTAGAGGTTTCCAAAAATTCCTCCATAGAGATCGAT	333<AF;EGEG111>CGGBGGGG1:E@>:FCF1BF1:<1F1:111:>1>1E=11=G1>1E11<:F1E@11EF0E0	0:0:0:1	chr4:+:67163094:72CTA
HWI-D00733:75:C8DV0ANXX:5:2111:5882:36699	AGCACTGCCTCTGCACGACTTAACCTAACCAGCTTTGCCTGTCCGTAGTTTTATCTGCAAATCCATTCTTTCATC	A:AABGGGGGDGDG11DB<FFEGGCC@>@G@0DEDG=BFGEGGGGG=EEC>FGGGGGCCCGG>=:E1FD>FG1FB	1	chr10:-:94002980:75
HWI-D00733:75:C8DV0ANXX:8:1202:6398:97547	GATCAATGGAATAGAATTGAAGACCCAGAAATAAACACACACACACACACACACACACACCTATGGTCACTTGGT	CBCCCGGGGGEGGGEGEGGEGGGGGGGGGGGGGEGGGGBGGBGDGGGGGGGGBGGGGDGBDGGGB1FEGGGGGGG	1	chr7:+:140744228:75
HWI-D00733:75:C8DV0ANXX:2:2302:13135:5366	CCCACCCTTGACAGCTGGGAACTGGAAGTACATTTTCTACAGGCAGGGAAGAAAAACTGTTTAGCAAGTTTGCTG	BCBCCGGGGGGGGGGGGGGGGGGGGGGGGGGGGGGGGGGGGGGGGGGGGGGGGGGGGGGGGGGGGGGGGGGGGGG	1	chr6:+:125630215:75
HWI-D00733:75:C8DV0ANXX:8:1306:4042:69690	TGATCTCTAAATCAGCCTGTTAAATATTTGCCTTTTATAAGAGTTGCTGTGGCCATAGTGTCTCTTCACTGCAAT	ABB0<>FGG1DGGGGEGGGGGDGGGGGGG@EF1DEGGGEGGGGGFFGGD<CEGGGGGGDG<=EFCGFCGGGGG1?	0:1	chr1:-:100300118:3A71
HWI-D00733:75:C8DV0ANXX:8:1208:11101:53878	GTTTGCACACCTCTGGTGACTGAAACTGACCACTGTAGGGACCGACAGTGACTAGTCACCGGAGTGAAGAGTCTG	<:3<0EGGGBCFGG@FFGDGGEG1F1F@>GG>B:1111>FEGG>//<9>>B@DBDBF1=FG@>EFDFF:FG:=@F	1	chr5:-:142899306:75
HWI-D00733:75:C8DV0ANXX:3:1115:10500:65542	GTAGCCTGGAAACTTGTGGTAGGTACCGGCCTGTTAGTTTATTTTAGTTCAAACTTAGATCAGGTTCTCTAAGAT	BBAB=1B@FGGEF>FEGG/;EF0E>GG>/BE<<CFGG>E1FFGG@1=FEGD1CDGED@F>11FF:>11@CCFFGG	1	chr6:+:39426041:75
HWI-D00733:75:C8DV0ANXX:7:2315:8388:71977	GCTGATACTGTTCCGGGTGATAGTGAGTGCCTGGTATAGATGTCAGAGGGTTCCATGGGAGAGAATTACTTACTT	AAA=BGD1FGGGGGGBA/90=FGGGGGGC1F>GGGE1FD1FFFGGGGGGB><F1F@FDB1FBGGF>FGF1=>::B	1	chr13:+:29517696:75
HWI-D00733:75:C8DV0ANXX:3:2314:16694:45856	CTCTTTGTTATATTGGTTCTTTGTAATTTTTATTTATTTTTGTCTTATTGAAGTTAGCCCTGATTTTGATTTTTA	CCCCCGGGGGGGGGGGGGGGGGGGGGGGGGGGGGGGGGGGGGGGGGGGGGGFGGGGCEFBGGDGGGGGCGGGGG0	1	chr3:-:8125521:75
HWI-D00733:75:C8DV0ANXX:1:1203:12920:84569	AACTTTACTGCATCATTTCTATGTTCTCCAAATGGCATTAAGATAAAATTAAATCCTTTCTTTGGCTTAAA	@ABBB;?;FG1FFCGEDEGGE>CGCGGGDG>11=FF@F1E1<1?F@1:=FG>GG11=F1EFFG>111E:1E	0:1	chr15:+:35828196:58A12
HWI-D00733:75:C8DV0ANXX:2:2306:2191:13511	GCCTTCCCCATCCCATGTTTCTGAGACTTTCTAGAGATTGCCCTATCCCCTATCCCAGACACTACATATTTCCAT	33<AB@@@1;;100E111;11E1:1E1=DF1F1=FGBBD11:=B1E>C1:1FGEG>GFGB111:F:C:CD1C111	1	chr14:+:13395042:75
HWI-D00733:75:C8DV0ANXX:8:2315:11618:30721	AGAATGTGCCTTCAGAGACTCGAAATTGAGAAACTCAGAAGCTCAAACTTTAAATTTGAATTTACACTTCAAAAT	CCCCCGGGGGGGGGGGGGGGFGGGGGGGGGGGGGGGGGGGGGGGGGGGGGGGGGGGFGEGGGGGGGGGGGGGGGG	1	chr7:+:26816078:75
HWI-D00733:75:C8DV0ANXX:1:1209:6426:86190	GCCCTCTGACCTCTGTACACATGCCATGGCACCCCCCAATATACACAGGCATATATATGTCGGTAGAAGGCTAGA	A33<0?1;11?1;1=EE11==1=F11=E:=F>FBG///=11>111F10>:0E1:CB1=C<=0/C09111001=0<	0:0:0:0+1	chr12:-:86358196:1T65TA1A4
HWI-D00733:75:C8DV0ANXX:4:2308:20642:25729	GACTTGTCTTGCTTGAAGTGTTGCCATAGTGACCATCTGGCCAGTTACTGTGAGAGGGGACACTCAGGTGACAGC	BCBBCFGCGGGEGGGGGGGGGGGGGGGGGGGGGGGGGGGGGGGGFGGGGGGGGGGGGGGGAGBGFGGGGGGFGGC	1	chr12:+:21451930:75
HWI-D00733:75:C8DV0ANXX:4:1211:2408:86428	AGGGGACACAGCCCTCAAGCTTGGAAACTGCTCTGTGACTCTAAAGGCAGAGAACACATAAAGAGGGGCGCTCCC	CCCCCGGGGGGGGGGGGGGGGGGGGGGGGGGGGGGGEGGGGGGGGGGGGGGGGGGGGGFGGGGFGGDGDGGGGGG	1	chrX:-:99138718:75
HWI-D00733:75:C8DV0ANXX:6:1116:15368:15763	TTCAGATCTGAGAGGAGGCACTTTCTTAGTCTCATAATGATGCTTTGAGAAAACAAAAGTTTTGAATTTTTGAAT	BABCBFGGF>GDGEGGDGGGGEGGGGGGGEGGG1FGGG1@FGGGDG@DGGGGGBGGG0::EFGGGGG>F1=CCG1	1	chrX:-:97365039:75
HWI-D00733:75:C8DV0ANXX:6:1211:16302:100437	GGGGACGCAGTTAAAAGATGGGACTGGAGTGGGGAAATGGCTCAGGTAGTAGTATTTGCTCTATAGTCACGGAGA	BBCBBGGGGGGGGGFGGGGGGFGEGGGFGGGGGGGGGGGGGGGGGGFEGGGGGGGGGGFGG::CGGGGGEGGGG<	1	chr14:+:103213394:75
HWI-D00733:75:C8DV0ANXX:2:1310:16130:38619	GTGTCTGGGATTCCACTTGATCTTTTGGGTTCCTCCTAAGGGCTGGCATCACTTCTCCATCTCTGTCCTCTGTAG	ABB:ADGBGFCF@FD>B@FF1FGGGGGGGFD>DEGBFCGCGGG>GGBDE1EFBGGGGGGD>GED>GGEGGGCFDF	0:1+10:9	chr5:+:3828310:29C45
HWI-D00733:75:C8DV0ANXX:6:1207:14052:49097	GGAATTAATTTTGCATTTAATTTGTCAACAGAGTCCTTCAGCCAAACCAAGGACAGAATGCACCCGTTCATAGGC	<A<:A1=;1BFG1>>FDEG@BDBD@;B@F1EFEGGE>111CFGGGGGGGGGEG1=:DFEGG@1EC>/EFCE1:@F	1	chr7:+:118732363:75
HWI-D00733:75:C8DV0ANXX:1:2311:12327:73744	TTCTTCCCTGAGTGCAGACAAAAGTGAATGCTGTGACTGTGACTAGGTAGGTCTGAGAAATATTGCTTAGCTCTT	CCCCCGGGGGGGGGGGEFGGGGGGGGEGGGGGGGGGFGFFGGGGGGGGGGGGGGGGGGGGGGGGGFGGFD@FGGG	1	chr1:+:52564718:75
HWI-D00733:75:C8DV0ANXX:1:2110:21057:17436	AACAAGGATTTCGATGATGGCAGTGAGACTGACTCTGCTTCCCAGAGCTTTTACTTGCACAATTGTATCAGTACT	CCCCCGGGGGGGGGGGGGGGGGGGGGGGGGGGGGGGGGGCGGGGGGGGGG1@GGEGGGGGGGGGFGGGGGGGGGG	1	chr3:-:136226740:75
HWI-D00733:75:C8DV0ANXX:8:1216:2176:76077	GCCCCTTTTAAGTTATGTATGTAAGTTCACTGTAACTGACTTCAGACACACCAGAAGAGGGCATCAGATCGATCA	BBCBBFGGEGGGGGGGGGGGGGGGGGGGEFEGGGGGGGGGGFFFCG1BFGGGGEEFGCEBGDGGGCGGGGEGFFB	0:1	chr13:+:55353360:70>2-3
HWI-D00733:75:C8DV0ANXX:6:2210:16919:63394	TCCTCTATAAGAAGAGACTTATTAAATGATAGCAATAGCAGCCACCACAGGGAGGTTTTAGCACCCAGAAGTTTT	CCCCCEGGGGGGGGGGGGGGGGGGGGGGGGGGGGGGGGGGGGGGGGGGGGGGGGGBFGGGGGGGGGGGGGGGGGG	1	chr1:+:77643242:75
HWI-D00733:75:C8DV0ANXX:6:1102:15206:100028	GCCAGTCTGATCAGCTGTTAGGACTTCCATGACTACGCAGGTCGGATGGCTCAGTGGGTAAAGGCACCTGCTACT	CCCCCGFGCFDCFGGGGGGEG>;FGGGDGGEGGGGGGGDGGGGGGGBGGGGEB>FGGBEFCFGGGEGGEGGGGGE	1	chr5:+:131084930:75
HWI-D00733:75:C8DV0ANXX:6:1109:1889:28781	GTTATGTTGTTTTGTTGTTGTTGTTGTTTGCTTTTTGTTTTTTGAGACAGGGTTTCTTTGTATAGCCTTGGTT	=AA0<1@FE@0>FFGGGGGGGCDDGGFBEGGGEGGGGFF>DGGDBBF>FGG<EFG1CGEGGCGGECDGG@1EF	0:1	chr3:-:94816911:3T69
HWI-D00733:75:C8DV0ANXX:8:1309:11960:67847	GGCACTTTATAGTGCCTTTGTCATGAAGTAAGAAAAAATTCCCAATGACAAAAGTCTACCACTATGAAAATTGTA	BCCBBGGGGGGGGGGGGGGGFGGGGGGGGGGGGGGGGGGGGGGGGGGGGGGFGGGGGEFDGGFF>FGFGGGGFGD	1	chrX:+:166966057:75
HWI-D00733:75:C8DV0ANXX:1:1312:10372:79510	AGCGCCTGCTCAAGAGCGACATTTGTAGACTGCACAGCGGGTGCTGGAATGGAAGCCGTCTTCTCAGGATCGATC	<A??0=FGBGDFGG>FEGGGGGGGGGGGGGGGGGGGGGGAD9/FGCCCGEGCCFGFDGGGGGGGGGG>0BGGGGG	0:1	chr9:+:47070482:71>2-2
HWI-D00733:75:C8DV0ANXX:2:2208:19000:83392	TCAAACACTGGTCTCTGTTTGACTTCCACGTGTGACTCGGAGCCTGTAATCCAGCATGGACTGTAGAAGCACAGA	BBBBCGGGGGGGGGGGGGGGGGGGGGGCBGGGGEGGC>FGGGGGGGGGGGGCCFGGGGGGGGEGGGGGGGGGGGG	1	chr14:-:30842904:75
HWI-D00733:75:C8DV0ANXX:8:1103:1693:44711	ACACACACACACAAAACCTTCCAAGGGAGTGACAGATGGGTCAGTTTTGGAACAAAGATAATAATTTTAGAAATC	CCCCCGGGGGGGGGGGGGGGGGGGGGGFGGGGGGGGBGF>@:FGDGGGDGFGGGGGGGGGGGGGFCGCCFG====	1	chr4:-:86027358:75
HWI-D00733:75:C8DV0ANXX:2:1112:1938:82015	TATCAGCATCTTCTATCTCCTTATGTAGAAAAAAATGCTCTACAAACAAAAGCAATGAGTTGGAGAAAATTAAGA	?BABBC1F;CFGGGGDGD@G>=FGG1:<BFF@DCDD>D:==:<C:FGGGGG1D><FGFGF1:C:BF1<F1EBF@C	1	chr10:-:125704167:75
HWI-D00733:75:C8DV0ANXX:6:2313:19511:78239	GTGGACTTACTTGGCTGCTGCCTGAAGACCACAGGCTCTGATAATATGGACTGAGATGGAGACAGCTCGGGCAGC	CCCCCGGGGGGGGGGGGGGGGGGGGGGGGGGGGGGGGGGGGGGGGGGGGGGGGGGGCGGGGGGGGGGGGGGGGGF	1	chr7:-:100427232:75
HWI-D00733:75:C8DV0ANXX:3:1315:7524:77171	GTCCTGGATTTCCTGGATGTTTTGAGTTAGGATCCTTTTGCATTTTGTATTTTCTTTGACTGTTGTGTCGATGTC	AAA0AGGGGGGGGGGGCDD1BFG><DGEGGGCEFGGGGGCGGG1DGGGGDGGGGGGGGFGGGGGDFGGGGBGGGE	1	chr18:+:3145960:75
HWI-D00733:75:C8DV0ANXX:1:2109:17388:61628	TATTTTTCCCAATTAGTTAAATTTTGCTGTAAATTTTTAGAAATGAATTTCATGGCAATAATATCAAAAGGGGAA	CCCCCGGGGGGGGGGGGGGGGGGGGGGGGGGGGGGGGGGGGGGGGGGGGGGGGGGGGGGGGGGGGGGGGGGGGGG	1	chr4:-:28220286:75
HWI-D00733:75:C8DV0ANXX:1:1105:2070:78056	TTGAGGTTTTATTTTTTTGTTGTTGATACAAAGATTAAAGTTTACCATGGTTACATTGTTTATTTTTAAATGTGC	BBBBBEFGGGGGGGGGGGGGGGGGECGGGGGGFFGGGGGGGGGGGGEGGGGGCEGGGGGGGGGGGGGGGGG>FG1	1	chr13:-:90570688:75
HWI-D00733:75:C8DV0ANXX:2:1202:12513:73904	AAGAAATTAAGGAAACAAAACCCTTCACAATGGTCACAAATAATATAAAATACCTTGGTTTGATTTCAGCTAAGG	B3ABB=FFE1;BGG1CFEED>BFGGGFGGDCFFGGGGGF0:FDGGFGGGGGGEGGG1BFEBGFGGGEGGEG1E@D	1+1	chr6:-:133484161:75
HWI-D00733:75:C8DV0ANXX:1:1307:7614:7609	GGAAATCTTGTTTCAAGACATTCTGAAAAGTTGTTTTAATGTGTAGACTTCCCTACAAGCTTAAATGATGACACT	B@@BBFGGGGECGGGGGGGGGGG1FFFFGGGGGGGGGGFGFGGGGGGGGEGGGGGEGGGGGGGGFGGGGGGGGGG	1	chr3:-:82142760:75
HWI-D00733:75:C8DV0ANXX:4:1110:12685:87549	GATTCATAACAGTAGCAAAAATTAGAGTTATGAAGTAGCAAAGAAAATAATTGTATAGCTTGAGGGTATGGGGGG	3:BBBFGGGGGGGGGGGG1C0F1FGGF<:FCFGGCFFGC:1FC@D@FFED11<FGGC1F@ECFEGD=D11=C<CA	1	chr15:+:78791438:75
HWI-D00733:75:C8DV0ANXX:5:1304:13833:5721	TTTGAGCTCAATAATCTCATGTTACCAAGTCAACTTCTCAGCACATCAAAGGACTTAGTGGCCCTATTCTCGTTA	:3<<ACCEGGGCGCGGGGGGGGEGGFFGGGGGGG1CFEGGGGGG>FFGGGGB>F1FF@FEGG>D@GGGGGGDGGG	0:1	chrX:-:51654955:3T71
HWI-D00733:75:C8DV0ANXX:8:2111:20732:44777	GAATAATTTGCAAATTGCTCTTTCTAACTCTATGAAGAATTGAGTTGGGATTTTGATGGGGATTGCATTGAATAT	BCCCBEGGGGFGEGFDECCFEG>GGGGGGGFFGEGGGFGGDBDDGGGGGGG<DGG<FG>FG<EFBFGGGF<FEGG	1	chr2:+:53825537:75
HWI-D00733:75:C8DV0ANXX:6:2201:1408:18854	TCATCTGCGAGGCAACAGGGCTCCTCTCTAGAATGGTGAGCACCCATCAGACGTCAGGAAGTGACATCAGGTGT	A33A:FGG/==EEGGGGGEGGGGGGGGGEGEGGGGGGGGBGGGGGGEG1@GGG@GGBDDF1CFGGGG1BG@1=F	0:1	chr1:-:161893463:8C65
HWI-D00733:75:C8DV0ANXX:2:2101:4666:18965	CATCTAGTACTGGGCTTTTTTGGTTGGGAAACTTTTAATGACTGCTTCTATTTCTTTAGGGGTTATGGGACTGTT	CBBCCEGGGGGGGGFGGGGGGGGEFBEGGGGGGGGGEGGEGGGGGGFGG@CGGGGGC@F@0DGDGCCGGDGGG:F	1+0:0:1	chrX:-:158320329:75
HWI-D00733:75:C8DV0ANXX:4:1101:16140:10362	TGAGCTGTCTTCACTTCCAAACTGTTAAAAGTAGCTTCCTTCGTAAAAATTCTATTTACACCAGAAAGCAATCCA	BBBBBGGGGFGGGGGGGGGGGGGG@FGGGGGGGGGECGGEGGGGGBFCGGGEGFGGGGGGGGGGGGGGGGCGGDD	1	chr1:+:80265330:75
HWI-D00733:75:C8DV0ANXX:7:1314:10648:14058	TCCCATGATGCCCCTTCCCAACTATCTCAAAATAAATAAAAGCCACACAGAAATCTAAAAAGCACTGAAGGAAG	BB=BBFBGGG>=FGF@GG@=FGGGGGDGGGGGGE>GGEGECCGGEDGG>0>1EFFGGGGGD/FGGGC>FFCGGB	1	chr11:+:104412241:74
HWI-D00733:75:C8DV0ANXX:3:1306:16377:16881	CTGTCTAACTGGCCATCTGGGTGGAGTCTAGAAGTCGTAGAAATGAATGTTATTGATTATATAATCACAGACTGC	A=ABBGECFGFGGGGGGGGGGGGDGGGEGGGGECGGGGGGCGGGEGGGFGCGGGGFGGGE>GGGGGGG1EGGGG1	1	chr10:-:111515087:75
HWI-D00733:75:C8DV0ANXX:4:1110:18653:62264	AGGGGCTAGGAATATCATTTAGTGATAAAGCGCCTGCCATGGAAACATGAGGGTCTGTGTTCAAAACTCCAGCAT	CCCCCGGGGGDGGGGGGGGGGGGGGGGGGGGGGGGDGEGEGGEFGGGGGGCGGGGGGGGFGGGGGGGGGGEGGGG	1	chr9:-:16223798:75
HWI-D00733:75:C8DV0ANXX:1:1109:7361:12468	TATCTCGCCTCTATGATGTCAGCTGGCTTTCCAAGCTGCTTTTGGCCTAAGTGGGCTAGGCTGATTGATAAGGTC	CCCCBGGGGGGGGGGGGGGGGGGGGGGGGGGGGGGGFGGGGGGGGGGGGGGGGGGGGGGGGGGGGGGGGGGGGGG	1	chr4:+:117485394:75
HWI-D00733:75:C8DV0ANXX:2:1101:3983:52176	GCATCTGCCCTTGGTCTATGAGATGCTGTGGCCGCTGAAGCAGTGGGGAGTCAGGACCCCGGGGCCCCAAGGGCT	BBCABEFGGGGGGGGGGGGGGGGGGGGGGGGGGGFGGGGGGGGGGGGGGGGGGGGGGGGGGGGGGGGGGGGGDGD	1	chr10:+:18591243:75
HWI-D00733:75:C8DV0ANXX:1:1114:18354:49945	GACACGAGCTCAGGGAGTACTGGCTAGTTCATATTGCTGTTTCTCCTATAGGGTTGCAGACCCCTTTGGCTCCTT	BCCBCFDGDAGGGGGGGGGGGGGGGGGGGGEGGGGGGGGGGGGGGGGGGGGGGGGGGGGGGGGGGGFGFGGGGGG	1	chr10:-:17517408:75
HWI-D00733:75:C8DV0ANXX:1:2111:7661:96486	TTCATCCCAGCACTGTCTTCCCCTTACACCACTGGTTCCCAACTTTCCTAACGCAGCGACCCTTTAATACAGTTT	CCCCCGGGFDGGGFGGEEGGGGGGG>FGGGGGFGGGDGGGGGGGGGGGGGGGDG<EGGCGGGD@FGGG1FGGGGD	1	chr7:-:100307397:75
HWI-D00733:75:C8DV0ANXX:6:2111:15669:97140	CCTATTTGTTGTCAAGGAAATTTGTTTCAATATGATATTTTATATAGTAAGATTTTGTAAGGCAGTTATGGTAAC	BCCCCGGGGGGGGGGGGGGGGGGGGGGGGGGGGGGGGGGGGGGGGGGGGGGEGGGGCGGGGEBDGGGGGGGGGGF	1	chr18:+:84973229:75
HWI-D00733:75:C8DV0ANXX:5:2308:13616:41779	AGAAGAGTGGGCATGCTGAAGGCATCCACAGGAGGGAGGAAAGCAGGGTGTGACACCAGAACCTGCTTAGTCCCC	BBAB@FGGGGEGGGGGGGGGGGGFGGGGGGGGEGCEGDGGDF@FGGGFGGCGFFGGGGGGFGGGEEGGGGGGC@F	1	chr7:-:119207833:75
HWI-D00733:75:C8DV0ANXX:1:2109:16385:59135	GCCTTTCTAGTCTCAGATCATTCCAGCCTGAAGCTCTCCATATTTGGAATTTCAAGCCTGTGTCAGTGGAATCCT	BBBCBG>EFGE@@1CB1FGGG1=FGG>GGGEGGEC11111E1>@@F:1BFG1FGGGEEFGDCD1F1E@EGGG10=	0:1	chr5:+:64373997:41C33
HWI-D00733:75:C8DV0ANXX:4:2106:3081:8410	GTCATTGCTGGAAGGAAATGTATCTACCCCAGAAGCAGGTTCTGGGTTCCACTTGCTGAGGGAAGAGCTCTCATA	CCCCCGGGGGGGGGGGGGGGGGGGGGGGGGGGGGGGGGGGGGGGGGGGGGGGGGGGGGGGGGGGGGGFGGGGGGG	1	chr11:-:87880939:75
HWI-D00733:75:C8DV0ANXX:5:2215:3652:90371	TGTCTTCCTCTTGAACTGTGTAGACTGATTAGTCTCCTCCAGTTAGTGTGTCATGGTAAAAATCACTCAAGAAGC	CCCCCGGGGGEEFFGGGGGGGGGGGGGGGGGGGGGGGGGGGGGFGGGGGGGGGGFGGGGGGGGGGGGGGGGGGGG	1	chr1:+:52028599:75
HWI-D00733:75:C8DV0ANXX:6:1115:9309:10686	GCTTCTGACAAAGGGTCAGGTTAAGCTTATGTTTTACCCAGACTGTAACCATATTAATATGGGTACTCTTGAGAG	C@BBCGGEGGGGGE>BFF>B@FGGGGGEGGEGGGGGGGGGGGGGGGGGEEGCDBFGC:>DEGGFEGGGGGBGGGG	1	chr7:-:85249385:75
