HWI-D00733:75:C8DV0ANXX:3:2111:10833:49127	GCTCTAGTATGTCCAGATGATGCTGTTTTTTTTTTTATAATGTAGGGAATTCTGGGCTAGTATTGCTACTTAATA	3ABBBDG;@FGG1E1E1==11;;F1EFFGG<CGG/901<<=1==1B/@01:<BC110=00111:?1?::EFG>00	0:0:0:0	-
HWI-D00733:75:C8DV0ANXX:8:2202:17450:47046	TAGCTCCCTTGTCGAAGATCGATCTAATTAATTGATGGTGTATTTCTCTAACTACAAAATAAGGTTAGTAGTCTT	BBBBBGGGGGGGGGG=CGGGGGGGGGGGEGGGGGGFGGGGGGGGGGGGGGGGGGGGGGGGGGGGGGGGGGGGGGG	0:0:0:0	-
HWI-D00733:75:C8DV0ANXX:7:1309:13798:45519	AGGTTCCTTTAGCAGAATAATATTAGTAGGTTTACAACTAAATCCATGACCTATGTGATCGATCGAGAATCAATA	CCCCC@FGGGGGGGGGGGGGGFGGGGGGFEFD@BFGGGGCGEGGGGGGDCGGGGGEGGGGGGGGGGGGG1CFCGG	0:0:0:0	-
HWI-D00733:75:C8DV0ANXX:3:2209:17243:79281	GCTCTTTGCCTTTTCTTCCATTCCCTCTCCTTCCCACCCTCCTCCTTTTTCTGATCAAATAATTTGTATATATAG	CCCCCGGGGGGGGGEGGGG1FGGGGGGGGGGGGGGGGGGGGGGGFGGGGGGGG>FFGGEGCEFGGGGGGGGCGEG	0:0:0:0	-
HWI-D00733:75:C8DV0ANXX:1:2102:14471:82767	TCCAAATTTTGATTTTGATCGATCTCATATCTCTTAATGGAAGAAAGCATCATGTATTGATTTTGTAGATTT	:ABA<FGGGGGGEGGGEDGGG/F@C@DGCGGGGGGGGGGGD@FBEFEG>G@FGEGGGGGGGFGGEFG>@FGG	0:0:0	-
HWI-D00733:75:C8DV0ANXX:8:1308:6977:72557	GGTTCTTGCTGCCGAGGGTCGCAAGGCTAATGATTCACACGCCGACTGCTATCAGTATTTTTGTGTGCCTGAGTA	BCCBBD@G11>FCEG<>E/CEA<GGEGFG>D>@>1FGBGGGA09//</:FGCCGGBCGGCFG>FB@0?DE0090<	0:0:0:0	-
HWI-D00733:75:C8DV0ANXX:2:2201:11749:37241	TGTTAACATTTGGTTTCTTCTGGTGTTTGTTTTTGTGTTTTAAGTTAGATCGATCTTTCAAAGTTTAGTAATAAC	CCABBDC>F;CEG@FDCGGGFDGF@FDBGGGGGGDGGFGGGCFDE>BFGGGBBGEB>BDGGGGFGEGG@1:BCGG	0:0:0:0	-
HWI-D00733:75:C8DV0ANXX:4:1304:12861:60795	GATCTGTATGATAAAAACTTCAAGTCCCTGAAGAAAGAAATTAAAGAAGATCGATCATGTGTGTGGTGCTATCCT	BB3ABG1F1C1;=1FGGG>;EF>1=FGD:@GCB1F>FGGG>GGEGGGGGGGGGGGEGDDB1E>BFFFGGG>F1E1	0:0:0:0	-
HWI-D00733:75:C8DV0ANXX:3:2204:4766:45307	GATACAATTTGCTAAATGCATGAAACTCAAGAAGAATGAAGACCAAAGTGTGGACACTTTGCCCCTTCTTAGAAT	CCCCCGGGGGGGGGGGGGGGGGGGGGGGGGGGGGGGGGGGGGGGGGGGGGGGGGGGGGGGGGGGGGGGGGGGGGG	41	-
HWI-D00733:75:C8DV0ANXX:8:2311:11277:101061	GGCACCAAAAAAGCAGCATTTCATCACATCAGCGAGGGAGATCGATCTGAAATCATTAAAAACAGAACAACAAAA	BBB0<EBDBDFCGBGGGGGEGGG>FGEGGGGGGGGG<EGGGGGGGGGGGGGGG>FGGGGGGGGGGG1@@>FEDGG	0:0:0:0	-
HWI-D00733:75:C8DV0ANXX:5:1304:5613:74215	GTTCTTCCTGATGTTCGCGATCGATCCCCTGGAACTGCAGTTATGGATGTTGTGAGCCACCATGTGGGGACTGGG	ABBBB>CDFFGGGGGGGGGDDGGGGFGGGGGBG>FGCEBFGDDGGFEGGGG>GGGGFGGGGGGGGG>FCGBDEDG	0:0:0:0	-
HWI-D00733:75:C8DV0ANXX:4:2203:13375:88670	GTCAGAGAACTCTAAAGTAGGACCAGAGGTATGTATATCATCCAGCTCCATTCACAATGATCGATCCCGTGGGGA	CCCCCGGGGFG>GCGGGGGEGGEBEGGGGFGGGEGGGGGGGGGGGGGGGGGGGGGGGGGGGGGGGGGGGGGG<>8	0:0:0:0	-
HWI-D00733:75:C8DV0ANXX:7:2301:8428:42223	GTGTAAAATAAAGGCAGATAGAGGTTTGATCGATCCACTTGCCTTTCCTTCCCTCACAAGTCTTGGGATTAAAGG	BAABBGGGGE;FGGGGGGGGGGGGGGGGGGGGFGGGGGGGGGGGGGGFGGGGGGGGDGGFGGGGGEFCFGGGGGD	0:0:0:0	-
HWI-D00733:75:C8DV0ANXX:8:2214:14148:83439	GGAAGACCAATGAGTGGATACTTCATTCCTCCTTAGAATAGGGAACAAAATAACCCTGAAAGGAGTTGCAGAGAC	AA:0:>;110;1E;;F0B;1=B1F1CDDGGGEGDBBDGGG>11<001<EFG1ECF0FCGD>1F1:::1;F0=FGF	2	-
HWI-D00733:75:C8DV0ANXX:6:2316:1363:64803	GATCGGAAGAGCACACGTCTGAACTCCAGTCACGCCAATATCTCGTATGCCGTCTTCTGCTTGAAAAAAAAAA	BB=@:EFGGGGGGGGGGDGGGGGGGGGGGGGGGGGGGGGG>FCGGGGGGGGGGGGEGGGGGGGFDGGBGDGGG	0:0:0	-
HWI-D00733:75:C8DV0ANXX:3:1301:14733:4095	GAATTGCTCTGGCTAATACTTCAAGTACTATGTTGAAAAGGTAGGGAGAAAGTGGGCAGCCTTGTCTAGTCCCTG	<3:AADFBF@FGGG>FGGGG>GG1EFCG>F11EGFCGG>FGD@@=B@GBGEGGGEB=GGGGGGGGGGGFGGCGG@	7705	-
HWI-D00733:75:C8DV0ANXX:6:1110:16022:51221	GCTTGACAACACATCTAAAAGCTCTAGAAAAAAAGGAAGCAAATTCATCCAAGAGGAGTAGACGGCAGGAAATAA	CCCCCGGGGGGGGGGGGGGGGGGGGGGGGGBGGGGDDFGGGGGG1FGGDGGGGGEEEGGG>EGBDGGGDGFGGGC	20	-
HWI-D00733:75:C8DV0ANXX:1:2201:13586:41998	GTGAGTGGGTGACCCCATGCCTCAATTGGGAGCCATGTCTATCTACTGGAAGTGATCGATCCATCCATTTGCCTA	CCCCCGGGGGGGGGGGGGGGGGGGGGGGGGGGGGGGGGGGGGGGGGGGGGGGGGGGGGGGGGGGGGGGGGGGGGG	0:0:0:0	-
HWI-D00733:75:C8DV0ANXX:7:1211:8753:52284	GCCAAGCTTTGAGGCTGTGCCCGGTGACCCACCATGCCTAATGATCGATCAGTGGATATCCCCACTTTGGGAAAG	:A3A0;0;E1>@C1=DFBB=FGB<<CFDCGG/CB1:B:1E>CGG>GGGGGGEGDGGGGG@GDGG@CBCF1EDDGB	0:0:0:0	-
HWI-D00733:75:C8DV0ANXX:2:1105:8750:20181	GTAATGAGATCGATCACCAGGGAGATGGGTACGCCTGCAAAGCAAAGGCGGAAACGAACTACTAGGCTCTGGGGC	CBCBB@GGGFGGGGGGGG1FGGBG>GGGGGGGGGGGGGGGGGGGGGGGGGGGGGGGGGGGGGGGGEGBFCGGGGG	0:0:0:0	-
HWI-D00733:75:C8DV0ANXX:8:2304:13212:37515	AGAAAATTGGACATAGTACTACCGGAGGATCATGTGTGCTTTGAGCTTTACTAAAGTTTCTTTAGTGAATGTGGC	BB?ABGGGGGGGGD>FGFD>GEFGGGGDGGGGCBFGGGGGEEGGGGGCGGEGGGCCFGGGGGG@DF:FFGGCGGG	0:0:0:0	-
HWI-D00733:75:C8DV0ANXX:3:1211:4778:60573	ATCTCAAAAATAAGAATAAGCTGAAGATATGATGTCAAACTCTAAAGTTTTAGTTTAGAAAACTAAAAGAGATGC	BCCCCGGGGGGGGGGGGGGGGGGGGGGGGGGGGGGGGGGGGCGFGGGGFGGGF1=:GFGCFDGFBD@GGGGGGGG	2	-
HWI-D00733:75:C8DV0ANXX:6:1208:20101:40100	GATCAACACTCCAAGACTTGAAGATTCATTGCAATGTAGACTATGATCGATCATTTTCCTTCCTCCAACGCCT	A3:<<@EG/C1>@F1EGCBDEGGGE1=FF11?1:111?EGGG>11=11=F01E11<=D1:=:111111:/<<C	0:0:0	-
HWI-D00733:75:C8DV0ANXX:3:2215:10257:95317	TGTAATAGCCATTTGGGATCGATCTTGTAGGAGACCAACAGTTTCAATTAATCTGGACCACCAAAAAGACAGCAC	BCCBCGGGCFFGGGGGGFEGGGGGGGGGGGGGGDFGGGGGGGGGGGGGGGGGGGGGGGGGGGGGBGGGGGGGGGG	0:0:0:0	-
HWI-D00733:75:C8DV0ANXX:8:2315:3977:54335	GATTTTTTTTCCGTTTTTTATTAGGTATTTAGCTCATTTACATTTCCAATGCTATACCAAAAGTCCCCCATATCC	CCCCCGGGGGGGGGGGGGGGGGGGGGGGGGGGGGGGGGGGGGGGGFGGGGGGGGGGGGGGGGGGCFGGG<::B0C	0:8+367:64	-
HWI-D00733:75:C8DV0ANXX:1:1312:8488:53175	AGGGTCACCCTTCTTCTCAGCTTCTTTCAACCTTCCTAATTCAACAACGGATCGATCAGTAATAAGATGCACAGC	CCCCBFGGGGGGGGGGGGGGGGGGGGGGGGGGGGGGGGFGGGGGGGEGGGGGGGBGGDGGFGGGGGGGGGGGGDG	0:0:0:0	-
HWI-D00733:75:C8DV0ANXX:3:2316:6471:69664	TTGAATTCTCTGTTTAGCTATTTACCCCATTTTTAAATTGATTTATGAGTTCCTAACTTCTTGTGTTCTTTATAT	33<:AGGDE1=FECG1>CBDGGG;FGC0/1E1=@01:E:F1CFC:<1<@1=BDGB:FG11C:@11:111C1111=	0:4+2	-
HWI-D00733:75:C8DV0ANXX:6:2110:6202:101025	ACCTACGCTCATCAGTTTTCTCAGCACTGTGACCTGACCAAGAGCAATTCAAGGTTAGAAGAGATCATTTTGTTT	BB=AB>/<=>ECDGGGEGGCGGGEGGGGFG1@@FDFGGGGGGGGFGGGGGGGGGGGGGGGGGGGGGGGGGGCBGG	0:3+2:1	-
HWI-D00733:75:C8DV0ANXX:8:2312:18265:47560	TAACTGAAAATGTGGATCCTGGGAGAGAGGTCAAACTAAGGGCTCTTCAGGTTCCTGGCTCAAGGACATGCTGTT	CCCCCEGGGGGGGGGGGGGGGGGGGGGGGGEDGGGGGGGGGFFGGGGGGGGGGGGGGEGGGGGGGGGGGGGGEGG	0:0:0:0	-
HWI-D00733:75:C8DV0ANXX:3:2104:7884:51256	TACACAGGGTTATTGAGCCTAGACAGGACCAAGTTCTTCCCCTCCCATTGATCGATCCCATTTTGGACCTGTCAC	:A<?0;00E=1EFG1;B1=BF:1:11000<00=E1FG1C:F:1///1:::1ED0/:1E:11B:EGA@FGEGGG>1	0:0:0:0	-
HWI-D00733:75:C8DV0ANXX:3:1315:5230:68133	GGCTTCGAAGTTTCAGAAGTCCACACCAAGCCCTGTGTCTCTCTCTTCCTGTGACCTGCGGATCGATCCTCCTGT	BBCB@FCDGGGGEGGEGGG=;:CGCGGGDGGBGGGGGCG>DCGGGEGCDGGGFGGGGEBGCGDGDDBEGFGGGG:	0:0:0:0	-
HWI-D00733:75:C8DV0ANXX:2:1206:10165:90922	GGATGCTTGATTTTTGTCAAGGGCTATTTCTTACACATGCTGAGATGATCGATCACTTACGTCCCTTAAGGATGC	CCBCCFGGGGGGGGGGGGGGGGGGGGGGGGGGGGGGGGGGGGGGGGGGGGGGGGGGGGGGGGGGGGGEGGGGGGG	0:0:0:0	-
HWI-D00733:75:C8DV0ANXX:2:1111:12169:7048	ACTTTTTCCTAAATCCTAAACCATTTAAGATTAGCAGTGAGACTATAGCGATCGATCAAGGTGTATAATTTGGAA	BBBBBGGGGGGGGGGGGGGGGGGGGGGGGGGGGGGGGGGGGGGGGGGECGGGGGGGEGGGGGGGGGGGG>FGGGG	0:0:0:0	-
HWI-D00733:75:C8DV0ANXX:2:2212:12828:70940	GATCAAAACTGCATGGTACTGGTATAGTGACAGACAAGTAGATCGATCTGCCAGTTCTCCACATTGTACTGTATT	CCCBCGGGGBDGGGGGGGGGGGGGGGGGGGGGGGGGGGGGGGGGGGGGFBGGG1<>FGGGGFGGGGGGGGGGGGG	0:0:0:0	-
HWI-D00733:75:C8DV0ANXX:3:2209:15162:37958	GATGCACATACAAAAACTCTTTAGCATGGATACCACGAGAGAAGAAAGGAGAGCTGGGATCGATCAAATTCTTCA	CCCCCGGGGGGGGGGGGGGEGGGGGGGGGGGGGFGG==EGBFGGGGGGFGGGDGGGGGGGGGGGGGGGGGGGGGG	0:0:0:0	-
HWI-D00733:75:C8DV0ANXX:4:1304:16146:6851	AGCCTCAGCTGAGTTTGGACCTGGCTTACCAATATTAGATGGTGATCGATCAATGATGTATCCAAATACGCATAA	BBB@BGGGCGG>DEGGGGGGGGB>FGGGG>FGDGEG@1CG@><C1E@B<@BCDGECF11=C:B1CGEGG0<FFGG	0:0:0:0	-
