HWI-D00733:75:C8DV0ANXX:8:2202:17450:47046	TAGCTCCCTTGTCGAAGATC	BBBBBGGGGGGGGGG=HHHH	10536	-
HWI-D00733:75:C8DV0ANXX:4:1304:12861:60795	GATCTGTATGATAAAAACTTCAAGTCCCTGAAGAAAGAAATTAAAGAAGATC	BB3ABG1F1C1;=1FGGG>;EF>1=FGD:@GCB1F>FGGG>GGEGGGGHHHH	2543	-
HWI-D00733:75:C8DV0ANXX:6:2316:1363:64803~2~	GAGCACACGTCTGAACTCCAGTCACGCCAATATCTCGTATGCCGTCTTCTGCTTGAAAAAAAAAA	GGGGGGGGGDGGGGGGGGGGGGGGGGGGGGGG>FCGGGGGGGGGGGGEGGGGGGGFDGGBGDGGG	0:0:0	-
HWI-D00733:75:C8DV0ANXX:1:2201:13586:41998~2~	GATCCATCCATTTGCCTA	HHHHGGGGGGGGGGGGGG	3149	-
HWI-D00733:75:C8DV0ANXX:8:2304:13212:37515	AGAAAATTGGACATAGTACTACCGGAG	BB?ABGGGGGGGGD>FGFD>GEFGGGG	13318	-
HWI-D00733:75:C8DV0ANXX:8:2304:13212:37515~2~	GTGCTTTGAGCTTTACTAAAGTTTCTTTAGTGAATGTGGC	GGGGGEEGGGGGCGGEGGGCCFGGGGGG@DF:FFGGCGGG	2079	-
HWI-D00733:75:C8DV0ANXX:3:2215:10257:95317	TGTAATAGCCATTTGGGATC	BCCBCGGGCFFGGGGGHHHH	2	-
HWI-D00733:75:C8DV0ANXX:6:2110:6202:101025	ACCTACGCTCATCAGTTTTCTCAGCACTGTGACCTGACCAAGAGCAATTCAAGGTTAGAAGA	BB=AB>/<=>ECDGGGEGGCGGGEGGGGFG1@@FDFGGGGGGGGFGGGGGGGGGGGGGGGGG	3+2:1	-
HWI-D00733:75:C8DV0ANXX:3:2104:7884:51256~2~	GATCCCATTTTGGACCTGTCAC	HHHHE:11B:EGA@FGEGGG>1	5	-
HWI-D00733:75:C8DV0ANXX:2:2212:12828:70940	GATCAAAACTGCATGGTACTGGTATAGTGACAGACAAGTAGATC	CCCBCGGGGBDGGGGGGGGGGGGGGGGGGGGGGGGGGGGGHHHH	9	-
